[qutech.nl/qip2018/index.html]
[backblue.gif]
[fade.gif]
[index.html]
[qutech.nl/wp-includes/js/jquery/jqueryb8ff.js]
[qutech.nl/wp-json/oembed/1.0/embed.24537.delayed]
[qutech.nl/feed/index.html]
[qutech.nl/comments/feed/index.html]
[qutech.nl/wp-json/oembed/1.0/embeda05a]
[qutech.nl/wp-json/index.html]
[www.google-analytics.com/analytics.js]
[qutech.nl/index25cf.html]
[use.typekit.net/pac0nlv.js]
[qutech.nl/wp-content/uploads/2017/07/qip-web-1.jpg]
[qutech.nl/wp-content/uploads/2017/11/QIP-Poster-d.d.-28-11-2017.pdf]
[qutech.nl/qip2018/qip-2018-call-for-submissions/index.html]
[qutech.nl/qip2018/qip-2018-program-details/index.html]
[qutech.nl/qip2018/qip-2018-conference-schedule/index.html]
[qutech.nl/wp-content/uploads/2018/03/List-of-participants_QIP-2018.8.delayed]
[qutech.nl/qip2018/qip-2018-travel-visa-and-local-information/index.html]
[qutech.nl/qip2018/aboutqip/index.html]
[qutech.nl/wp-content/uploads/2017/07/Rigetti-Logo-CMYK-Tag-1.jpg]
[qutech.nl/wp-content/uploads/2017/07/Microsoft-logo_rgb_c-gray.jpg]
[qutech.nl/qip2018/qip-2018-registration/index.html]
[qutech.nl/wp-content/uploads/2017/04/logo_qutech.jpg]
[qutech.nl/wp-content/uploads/2017/04/tu-delft.png]
[qutech.nl/wp-content/uploads/2017/07/alibaba.jpg]
[qutech.nl/wp-content/uploads/2017/07/CryptoWorks21_RGB11.jpg]
[qutech.nl/wp-content/uploads/2017/10/UW_IQC_RGB_logo.jpg]
[qutech.nl/wp-content/uploads/2017/07/logo_Google_FullColor_rgb_75x24px.jpg]
[qutech.nl/wp-content/uploads/2017/07/ibmpos_blue-2.jpg]
[qutech.nl/wp-content/uploads/2017/07/D-Wave-logo-color.jpg]
[qutech.nl/wp-content/uploads/2017/07/QUICSlogoFINAL_r1-1-e1501870418368.jpg]
[qutech.nl/wp-content/uploads/2017/07/ASML_logo_blue.jpg]
[qutech.nl/wp-content/uploads/2017/07/QuSoft_logo_RGB.jpg]
[qutech.nl/wp-content/uploads/2017/07/SN_logo.jpg]
[qutech.nl/wp-content/themes/qutech-redesign/assets/img/logo_footer.png]
[qutech.nl/wp-content/uploads/2015/09/tudelft_logo.png]
[qutech.nl/wp-content/uploads/2015/09/TNO.png]
[qutech.nl/wp-content/cache/autoptimize/js/autoptimize_38ba212f345be9651b2967f705b45b85.js]
[qutech.nl/qip2018/index.html]
[qutech.nl/wp-content/cache/autoptimize/css/autoptimize_7b05ff5c460502047f8766d7033e4007.css]
[maps.googleapis.com/index.html]
[s.w.org/index.html]
[qutech.nl/index25cf.html]
[qutech.nl/wp-json/oembed/1.0/embed0843.json]
[qutech.nl/index9d23.html]
[qutech.nl/wp-json/oembed/1.0/embed4507]
[qutech.nl/wp-content/uploads/2018/01/CarlCaves_QIP2018.pdf]
[qutech.nl/wp-content/uploads/2018/01/BoazBarak_QIP2018.pdf]
[qutech.nl/wp-content/uploads/2018/01/John-Martinis_QIP2018.pdf]
[qutech.nl/wp-content/uploads/2018/01/Complexity_of_quantum_sampling_QIP2018_MichaelBremner.pdf]
[qutech.nl/wp-content/uploads/2018/01/QIP18MLtutorial_Ronald-de-Wolf.pdf]
[qutech.nl/wp-content/uploads/2018/01/QIP18_ChristianSchaffner.pdf]
[qutech.nl/wp-content/uploads/2018/01/Lecture_WolfgangLechner.pdf]
[qutech.nl/wp-content/uploads/2018/02/m1-koenig.pdf]
[qutech.nl/wp-content/uploads/2018/02/m2-cambyse.-rouze-monday_rouze.pdf]
[qutech.nl/wp-content/uploads/2018/02/m3-Ivan-Bardet-Monday-Bardet.pdf]
[qutech.nl/wp-content/uploads/2018/02/m4-Yuan-Su-monday_su.pdf]
[qutech.nl/wp-content/uploads/2018/02/m5-Albert-Werner-monday-werner.pdf.pdf]
[qutech.nl/wp-content/uploads/2018/02/m6-Ryan-Babbush-monday_babbush.pdf]
[qutech.nl/wp-content/uploads/2018/02/m7-Mark-Vanraamsdonk-monday_raamsdonk.pdf]
[qutech.nl/wp-content/uploads/2018/02/m8-Yimin-Ge-monday_ge.pdf]
[qutech.nl/wp-content/uploads/2018/02/m9-Ciaran-Lee-monday_lee.pdf]
[qutech.nl/wp-content/uploads/2018/02/m10-Florian-Speelman-monday-speelman.pdf]
[qutech.nl/wp-content/uploads/2018/02/m11-Sisi-Zhou-monday_zhou.pdf]
[qutech.nl/wp-content/uploads/2018/02/m12-Andrea-Coladangelo-monday_coladangelo.pdf]
[qutech.nl/wp-content/uploads/2018/02/m13-Alex-Neville-monday_neville.pdf]
[qutech.nl/wp-content/uploads/2018/02/t1-Earl-Campbell-tuesday_campbell.pdf]
[qutech.nl/wp-content/uploads/2018/02/t2-Andrea-Coladangelo-tuesday_coladangelo.pdf]
[qutech.nl/wp-content/uploads/2018/02/t3-Rui-Chao-tuesday_chao.pdf]
[qutech.nl/wp-content/uploads/2018/02/t4-Anand-Natarajan-tuesday_natarajan.pdf]
[qutech.nl/wp-content/uploads/2018/02/t5-Ted-Yoder-tuesday_yoder.pdf]
[qutech.nl/wp-content/uploads/2018/02/t6-Jalex-Stark-tuesday-stark.pdf]
[qutech.nl/wp-content/uploads/2018/02/t7-Luke-Schaeffer-tuesday_schaeffer.pdf]
[qutech.nl/wp-content/uploads/2018/02/t8-Ala-Shayeghi-tuesday_shayeghi.pdf]
[qutech.nl/wp-content/uploads/2018/02/t9-Michael-Walter-tuesday_walter.pdf]
[qutech.nl/wp-content/uploads/2018/02/t10-Jitendra-Prakash-tuesday_prakash.pdf]
[qutech.nl/wp-content/uploads/2018/02/t11-Geoff-Penington-tuesday_penington.pdf]
[qutech.nl/wp-content/uploads/2018/02/w1-Alex-Kubica-wednesday_kubica.pdf]
[qutech.nl/wp-content/uploads/2018/02/w2-guybrush-threepwood-wednesday_wilming.pdf]
[qutech.nl/wp-content/uploads/2018/02/w3-Antoine-Grospellier-wednesday_grospellier.pdf]
[qutech.nl/wp-content/uploads/2018/02/w4-Philippe-Faist-Wednesday_Faist.pdf]
[qutech.nl/wp-content/uploads/2018/02/w5-Naomi-Nickerson-wednesday_nickerson.pdf]
[qutech.nl/wp-content/uploads/2018/02/w6-Markus-Mueller-wednesday_mueller.pdf]
[qutech.nl/wp-content/uploads/2018/02/w7-sergey-bravyi-wednesday_bravyi.pdf]
[qutech.nl/wp-content/uploads/2018/02/w8-Paul-Boes-wednesday_boes.pdf]
[qutech.nl/wp-content/uploads/2018/02/r1-Anurag-Anshu-Thursday_Anshu.pdf]
[qutech.nl/wp-content/uploads/2018/02/r2-Ramis-Movassagh-Thursday_Movassagh.pdf]
[qutech.nl/wp-content/uploads/2018/02/r3-Joseph-Renes-thursday-renes.pdf]
[qutech.nl/wp-content/uploads/2018/02/r4-Daniel-Ranard-thursday_ranard.pdf]
[qutech.nl/wp-content/uploads/2018/02/r5-Christoph-Hirche-thursday_hirche.pdf]
[qutech.nl/wp-content/uploads/2018/02/r6-David-Gosset-ferromagnets.pdf]
[qutech.nl/wp-content/uploads/2018/02/r7-Miriam-Backens-thursday_backens.pdf]
[qutech.nl/wp-content/uploads/2018/02/r8-kun-fang-Thursday_Fang.pdf]
[qutech.nl/wp-content/uploads/2018/02/r9-Jeroen-Zuiddam-thursday_zuiddam.pdf]
[qutech.nl/wp-content/uploads/2018/02/r11-Christopher-Chubb-thursday_chubbcheng.pdf]
[qutech.nl/wp-content/uploads/2018/02/r10-Cheng-Hao-Chung-thursday_Chubb_Cheng.pdf]
[qutech.nl/wp-content/uploads/2018/02/r12-Volkher-Scholz-thursday_scholz.pdf]
[qutech.nl/wp-content/uploads/2018/02/r13-Xin-Wang-Thursday_Wang.pdf]
[qutech.nl/wp-content/uploads/2018/02/f1-Robin-Kothari-Friday_Kothari.pdf]
[qutech.nl/wp-content/uploads/2018/02/f2-Shalev-Ben-David-friday_ben-david.pdf]
[qutech.nl/wp-content/uploads/2018/02/f3-Sergii-Strelchuk-friday-studzinsky-mozrymas.pdf]
[qutech.nl/wp-content/uploads/2018/02/f4-Adam-Bouland-friday_bouland.pdf]
[qutech.nl/wp-content/uploads/2018/02/f5-Ludovico-Lami-friday_lami.pdf]
[qutech.nl/wp-content/uploads/2018/02/f6-Andris-Ambainis-friday-ambainis.pdf]
[qutech.nl/wp-content/uploads/2018/02/f7-Anurag-Anshu-Friday_Anshu.pdf]
[qutech.nl/wp-content/uploads/2018/02/f8-Deniz-Stiegemann-friday_stiegemann.pdf]
[qutech.nl/wp-content/uploads/2018/02/f9-Ibrahim-Issa-friday_issa.pdf]
[qutech.nl/wp-content/uploads/2018/02/f10-Grant-Salton-friday_salton.pdf]
[qutech.nl/wp-content/uploads/2018/02/f11-Costin-Bădescu-friday_badescu.pdf]
[qutech.nl/wp-content/uploads/2018/02/f12-Isaac-Kim-friday_kim.pdf]
[qutech.nl/wp-content/uploads/2018/02/f13-yuxiang-yang-friday_yang.pdf]
[qutech.nl/wp-content/uploads/2018/02/f14-Thomas-Vidick-friday-vidick-1.pdf]
[qutech.nl/qip2018/qip-2018-conference-schedule/index.html]
[qutech.nl/wp-json/oembed/1.0/embed3a50.json]
[qutech.nl/wp-json/oembed/1.0/embedd8f1]
[qutech.nl/qip2018/qip-2018-call-for-submissions/index.html]
[qutech.nl/index4de4.html]
[qutech.nl/wp-json/oembed/1.0/embed709d.json]
[qutech.nl/index026d.html]
[qutech.nl/wp-json/oembed/1.0/embed3b63]
[qutech.nl/wp-content/uploads/2016/01/tu-delft.jpg]
[qutech.nl/wp-content/uploads/2018/01/QIP-2018-conference-schedule-1.pdf]
[qutech.nl/wp-content/uploads/2018/01/Scientific-Program-QIP-2018.pdf]
[qutech.nl/wp-content/uploads/2018/01/QIP-2018_tutorial-schedule.pdf]
[qutech.nl/wp-content/uploads/2017/11/QIP-2018-Accepted-Talks_15112017.pdf]
[qutech.nl/wp-content/uploads/2018/01/Posters_QIP-2018.pdf]
[qutech.nl/wp-content/uploads/2018/01/Poster-Sessions-QIP-2018.pdf]
[qutech.nl/qip2018/qip-2018-program-details/index.html]
[qutech.nl/wp-json/oembed/1.0/embede94c.json]
[qutech.nl/index258d.html]
[qutech.nl/wp-json/oembed/1.0/embedaf9f]
[qutech.nl/wp-content/uploads/2017/08/delft-2-1024x768.jpg]
[qutech.nl/wp-content/uploads/2017/08/1.jpg]
[qutech.nl/qip2018/qip-2018-travel-visa-and-local-information/index.html]
[qutech.nl/wp-json/oembed/1.0/embed44a7.json]
[qutech.nl/index03b7.html]
[qutech.nl/wp-json/oembed/1.0/embed1dff]
[qutech.nl/wp-content/uploads/2017/07/campus_LR-1600x1071-1024x685.jpg]
[qutech.nl/wp-content/uploads/2018/01/Survey-QIP-2017.pdf]
[qutech.nl/qip2018/aboutqip/index.html]
[qutech.nl/wp-json/oembed/1.0/embed6177.json]
[qutech.nl/index23e1.html]
[qutech.nl/qip2018/qip-2018-registration/index.html]
[qutech.nl/wp-json/oembed/1.0/embeddcf1]
[qutech.nl/index9d23.html]
[qutech.nl/index4de4.html]
[qutech.nl/index026d.html]
[qutech.nl/index258d.html]
[qutech.nl/index03b7.html]
[qutech.nl/index23e1.html]
